// Jest Snapshot v1, https://jestjs.io/docs/snapshot-testing

exports[`Header should render 1`] = `
<div>
  <header
    class="flex items-center justify-between px-6 py-4 bg-[#1a1a1a] border-b border-[#333]"
  >
    <div
      class="flex items-center"
    >
      <div>
        Logo
      </div>
    </div>
  </header>
</div>
`;
