// Jest Snapshot v1, https://jestjs.io/docs/snapshot-testing

exports[`BoardContainer should render with children 1`] = `
<div>
  <main
    class="flex-1 flex items-center justify-center"
  >
    <div
      class="w-full max-w-[700px]"
    >
      Test
    </div>
  </main>
`;