// Jest Snapshot v1, https://jestjs.io/docs/snapshot-testing

exports[`Logo should render 1`] = `
<div>
  <img
    alt="Gambit Logo"
    class="mr-3"
    height="32"
    src="/gambit.png"
    width="32"
  />
  <span
    class="font-bold text-2xl text-white"
  >
    Gambit
  </span>
</div>
`;
